// Jest Snapshot v1, https://goo.gl/fbAQLP

exports[`Component Thumbnail should render an image using the thumbnail url 1`] = `
<Memo(Thumbnail)
  image={
    Object {
      "description": "a desc",
      "parentUiId": "parentUiId",
      "sizeInByte": "1234",
      "thumbnailUrl": "http://localhost:3000/thumbnail.jpeg",
      "title": "a title",
      "url": "http://localhost:3000/image.jpeg",
    }
  }
  onClickImage={[MockFunction]}
>
  <Img
    alt="a title - a desc"
    className="thumbnail grow"
    container={[Function]}
    decode={true}
    loader={
      <span
        className="spinnerContainer"
      >
        <Loading
          onClick={[Function]}
        />
      </span>
    }
    onClick={[Function]}
    src="http://localhost:3000/thumbnail.jpeg"
    unloader={false}
  >
    <span
      className="spinnerContainer"
    >
      <Loading
        onClick={[Function]}
      >
        <div
          className="lds-spinner"
          onClick={[Function]}
        >
          <div />
          <div />
          <div />
          <div />
          <div />
          <div />
          <div />
          <div />
          <div />
          <div />
          <div />
          <div />
        </div>
      </Loading>
    </span>
  </Img>
</Memo(Thumbnail)>
`;
