// Jest Snapshot v1, https://goo.gl/fbAQLP

exports[`MyNavItem should render a MyNavItem 1`] = `
<IntlProvider
  defaultFormats={Object {}}
  defaultLocale="en"
  formats={Object {}}
  locale="en-US"
  messages={Object {}}
  onError={[Function]}
  textComponent={Symbol(react.fragment)}
  timeZone="Asia/Kuala_Lumpur"
>
  <Memo(MyNavItem)
    label={
      Object {
        "defaultMessage": "hello world",
        "description": "a tooltip",
        "id": "tooltip",
      }
    }
  >
    <NavItem
      tag="li"
    >
      <li
        className="nav-item"
      >
        <NavLink
          tag="a"
        >
          <a
            className="nav-link"
            onClick={[Function]}
          >
            <FormattedMessage
              defaultMessage="hello world"
              description="a tooltip"
              id="tooltip"
            >
              hello world
            </FormattedMessage>
          </a>
        </NavLink>
      </li>
    </NavItem>
  </Memo(MyNavItem)>
</IntlProvider>
`;
