// Jest Snapshot v1, https://goo.gl/fbAQLP

exports[`ModalPasswordReset should render the ModalPasswordReset 1`] = `
<ModalPasswordReset
  data={
    Object {
      "email": "paulodevelo@lovestreet.com",
      "newPassword1": "",
      "newPassword2": "",
    }
  }
  toggle={[MockFunction]}
  visible={true}
>
  <Modal
    autoFocus={true}
    backdrop={true}
    backdropTransition={
      Object {
        "mountOnEnter": true,
        "timeout": 150,
      }
    }
    centered={false}
    fade={true}
    isOpen={true}
    keyboard={true}
    modalTransition={
      Object {
        "timeout": 300,
      }
    }
    onClosed={[Function]}
    onOpened={[Function]}
    returnFocusAfterClose={true}
    role="dialog"
    scrollable={false}
    toggle={[Function]}
    unmountOnClose={true}
    zIndex={1050}
  >
    <Portal
      node={
        <div
          style="position: relative; z-index: 1050; display: block;"
          tabindex="-1"
        >
          <div
            class=""
          >
            <div
              class="modal fade"
              role="dialog"
              style="display: block;"
              tabindex="-1"
            >
              <div
                class="modal-dialog"
                role="document"
              >
                <div
                  class="modal-content"
                >
                  <div
                    class="modal-header"
                  >
                    <h5
                      class="modal-title"
                    >
                      <svg
                        aria-hidden="true"
                        class="svg-inline--fa fa-unlock-alt fa-w-14 "
                        data-icon="unlock-alt"
                        data-prefix="fas"
                        focusable="false"
                        role="img"
                        viewBox="0 0 448 512"
                        xmlns="http://www.w3.org/2000/svg"
                      >
                        <path
                          d="M400 256H152V152.9c0-39.6 31.7-72.5 71.3-72.9 40-.4 72.7 32.1 72.7 72v16c0 13.3 10.7 24 24 24h32c13.3 0 24-10.7 24-24v-16C376 68 307.5-.3 223.5 0 139.5.3 72 69.5 72 153.5V256H48c-26.5 0-48 21.5-48 48v160c0 26.5 21.5 48 48 48h352c26.5 0 48-21.5 48-48V304c0-26.5-21.5-48-48-48zM264 408c0 22.1-17.9 40-40 40s-40-17.9-40-40v-48c0-22.1 17.9-40 40-40s40 17.9 40 40v48z"
                          fill="currentColor"
                        />
                      </svg>
                       
                      Change your password
                    </h5>
                    <button
                      aria-label="Close"
                      class="close"
                      type="button"
                    >
                      <span
                        aria-hidden="true"
                      >
                        ×
                      </span>
                    </button>
                  </div>
                  <div
                    class="modal-body"
                  >
                    <form
                      class=""
                      id="formChangePassword"
                      novalidate=""
                    >
                      <div
                        class="form-group form-group"
                      >
                        <label
                          class=""
                          for="email"
                        >
                          Email
                        </label>
                        <input
                          class="form-control form-control"
                          name="email"
                          readonly=""
                          required=""
                          type="email"
                          value="paulodevelo@lovestreet.com"
                        />
                      </div>
                      <div
                        class="form-group form-group"
                      >
                        <label
                          class=""
                          for="newPassword1"
                        >
                          New Password
                        </label>
                        <input
                          class="form-control form-control"
                          name="newPassword1"
                          required=""
                          type="password"
                          value=""
                        />
                      </div>
                      <div
                        class="form-group form-group"
                      >
                        <label
                          class=""
                          for="newPassword2"
                        >
                          Retype your new Password
                        </label>
                        <input
                          class="form-control form-control"
                          name="newPassword2"
                          required=""
                          type="password"
                          value=""
                        />
                      </div>
                    </form>
                  </div>
                  <div
                    class="modal-footer"
                  >
                    <button
                      class="btn btn-success"
                      form="formChangePassword"
                      type="submit"
                    >
                      Change Password
                    </button>
                    <button
                      class="btn btn-secondary"
                      type="button"
                    >
                      Cancel
                    </button>
                  </div>
                </div>
              </div>
            </div>
            <div
              class="modal-backdrop fade"
            />
          </div>
        </div>
      }
    >
      <Portal
        containerInfo={
          <div
            style="position: relative; z-index: 1050; display: block;"
            tabindex="-1"
          >
            <div
              class=""
            >
              <div
                class="modal fade"
                role="dialog"
                style="display: block;"
                tabindex="-1"
              >
                <div
                  class="modal-dialog"
                  role="document"
                >
                  <div
                    class="modal-content"
                  >
                    <div
                      class="modal-header"
                    >
                      <h5
                        class="modal-title"
                      >
                        <svg
                          aria-hidden="true"
                          class="svg-inline--fa fa-unlock-alt fa-w-14 "
                          data-icon="unlock-alt"
                          data-prefix="fas"
                          focusable="false"
                          role="img"
                          viewBox="0 0 448 512"
                          xmlns="http://www.w3.org/2000/svg"
                        >
                          <path
                            d="M400 256H152V152.9c0-39.6 31.7-72.5 71.3-72.9 40-.4 72.7 32.1 72.7 72v16c0 13.3 10.7 24 24 24h32c13.3 0 24-10.7 24-24v-16C376 68 307.5-.3 223.5 0 139.5.3 72 69.5 72 153.5V256H48c-26.5 0-48 21.5-48 48v160c0 26.5 21.5 48 48 48h352c26.5 0 48-21.5 48-48V304c0-26.5-21.5-48-48-48zM264 408c0 22.1-17.9 40-40 40s-40-17.9-40-40v-48c0-22.1 17.9-40 40-40s40 17.9 40 40v48z"
                            fill="currentColor"
                          />
                        </svg>
                         
                        Change your password
                      </h5>
                      <button
                        aria-label="Close"
                        class="close"
                        type="button"
                      >
                        <span
                          aria-hidden="true"
                        >
                          ×
                        </span>
                      </button>
                    </div>
                    <div
                      class="modal-body"
                    >
                      <form
                        class=""
                        id="formChangePassword"
                        novalidate=""
                      >
                        <div
                          class="form-group form-group"
                        >
                          <label
                            class=""
                            for="email"
                          >
                            Email
                          </label>
                          <input
                            class="form-control form-control"
                            name="email"
                            readonly=""
                            required=""
                            type="email"
                            value="paulodevelo@lovestreet.com"
                          />
                        </div>
                        <div
                          class="form-group form-group"
                        >
                          <label
                            class=""
                            for="newPassword1"
                          >
                            New Password
                          </label>
                          <input
                            class="form-control form-control"
                            name="newPassword1"
                            required=""
                            type="password"
                            value=""
                          />
                        </div>
                        <div
                          class="form-group form-group"
                        >
                          <label
                            class=""
                            for="newPassword2"
                          >
                            Retype your new Password
                          </label>
                          <input
                            class="form-control form-control"
                            name="newPassword2"
                            required=""
                            type="password"
                            value=""
                          />
                        </div>
                      </form>
                    </div>
                    <div
                      class="modal-footer"
                    >
                      <button
                        class="btn btn-success"
                        form="formChangePassword"
                        type="submit"
                      >
                        Change Password
                      </button>
                      <button
                        class="btn btn-secondary"
                        type="button"
                      >
                        Cancel
                      </button>
                    </div>
                  </div>
                </div>
              </div>
              <div
                class="modal-backdrop fade"
              />
            </div>
          </div>
        }
      >
        <div
          className=""
        >
          <Fade
            appear={true}
            baseClass="fade"
            baseClassActive="show"
            className="modal"
            enter={true}
            exit={true}
            in={true}
            mountOnEnter={false}
            onClick={[Function]}
            onEnter={[Function]}
            onEntered={[Function]}
            onEntering={[Function]}
            onExit={[Function]}
            onExited={[Function]}
            onExiting={[Function]}
            onKeyDown={[Function]}
            onKeyUp={[Function]}
            onMouseDown={[Function]}
            role="dialog"
            style={
              Object {
                "display": "block",
              }
            }
            tabIndex="-1"
            tag="div"
            timeout={300}
            unmountOnExit={false}
          >
            <Transition
              appear={true}
              enter={true}
              exit={true}
              in={true}
              mountOnEnter={false}
              onEnter={[Function]}
              onEntered={[Function]}
              onEntering={[Function]}
              onExit={[Function]}
              onExited={[Function]}
              onExiting={[Function]}
              timeout={300}
              unmountOnExit={false}
            >
              <div
                className="modal fade"
                onClick={[Function]}
                onKeyDown={[Function]}
                onKeyUp={[Function]}
                onMouseDown={[Function]}
                role="dialog"
                style={
                  Object {
                    "display": "block",
                  }
                }
                tabIndex="-1"
              >
                <div
                  className="modal-dialog"
                  role="document"
                >
                  <div
                    className="modal-content"
                  >
                    <ModalHeader
                      charCode={215}
                      closeAriaLabel="Close"
                      tag="h5"
                      toggle={[Function]}
                      wrapTag="div"
                    >
                      <div
                        className="modal-header"
                      >
                        <h5
                          className="modal-title"
                        >
                          <FontAwesomeIcon
                            border={false}
                            className=""
                            fixedWidth={false}
                            flip={null}
                            icon={
                              Object {
                                "icon": Array [
                                  448,
                                  512,
                                  Array [],
                                  "f13e",
                                  "M400 256H152V152.9c0-39.6 31.7-72.5 71.3-72.9 40-.4 72.7 32.1 72.7 72v16c0 13.3 10.7 24 24 24h32c13.3 0 24-10.7 24-24v-16C376 68 307.5-.3 223.5 0 139.5.3 72 69.5 72 153.5V256H48c-26.5 0-48 21.5-48 48v160c0 26.5 21.5 48 48 48h352c26.5 0 48-21.5 48-48V304c0-26.5-21.5-48-48-48zM264 408c0 22.1-17.9 40-40 40s-40-17.9-40-40v-48c0-22.1 17.9-40 40-40s40 17.9 40 40v48z",
                                ],
                                "iconName": "unlock-alt",
                                "prefix": "fas",
                              }
                            }
                            inverse={false}
                            listItem={false}
                            mask={null}
                            pull={null}
                            pulse={false}
                            rotation={null}
                            size={null}
                            spin={false}
                            swapOpacity={false}
                            symbol={false}
                            title=""
                            transform={null}
                          >
                            <svg
                              aria-hidden="true"
                              className="svg-inline--fa fa-unlock-alt fa-w-14 "
                              data-icon="unlock-alt"
                              data-prefix="fas"
                              focusable="false"
                              role="img"
                              style={Object {}}
                              viewBox="0 0 448 512"
                              xmlns="http://www.w3.org/2000/svg"
                            >
                              <path
                                d="M400 256H152V152.9c0-39.6 31.7-72.5 71.3-72.9 40-.4 72.7 32.1 72.7 72v16c0 13.3 10.7 24 24 24h32c13.3 0 24-10.7 24-24v-16C376 68 307.5-.3 223.5 0 139.5.3 72 69.5 72 153.5V256H48c-26.5 0-48 21.5-48 48v160c0 26.5 21.5 48 48 48h352c26.5 0 48-21.5 48-48V304c0-26.5-21.5-48-48-48zM264 408c0 22.1-17.9 40-40 40s-40-17.9-40-40v-48c0-22.1 17.9-40 40-40s40 17.9 40 40v48z"
                                fill="currentColor"
                                style={Object {}}
                              />
                            </svg>
                          </FontAwesomeIcon>
                           
                          <FormattedMessage
                            defaultMessage="Change your password"
                            description="Modal title"
                            id="modalResetPasswordTitle"
                            values={Object {}}
                          >
                            Change your password
                          </FormattedMessage>
                        </h5>
                        <button
                          aria-label="Close"
                          className="close"
                          onClick={[Function]}
                          type="button"
                        >
                          <span
                            aria-hidden="true"
                          >
                            ×
                          </span>
                        </button>
                      </div>
                    </ModalHeader>
                    <ModalBody
                      tag="div"
                    >
                      <div
                        className="modal-body"
                      >
                        <Memo(MyForm)
                          id="formChangePassword"
                          initialData={
                            Object {
                              "email": "paulodevelo@lovestreet.com",
                              "newPassword1": "",
                              "newPassword2": "",
                            }
                          }
                          submit={[Function]}
                        >
                          <Form
                            id="formChangePassword"
                            innerRef={
                              Object {
                                "current": <form
                                  class=""
                                  id="formChangePassword"
                                  novalidate=""
                                >
                                  <div
                                    class="form-group form-group"
                                  >
                                    <label
                                      class=""
                                      for="email"
                                    >
                                      Email
                                    </label>
                                    <input
                                      class="form-control form-control"
                                      name="email"
                                      readonly=""
                                      required=""
                                      type="email"
                                      value="paulodevelo@lovestreet.com"
                                    />
                                  </div>
                                  <div
                                    class="form-group form-group"
                                  >
                                    <label
                                      class=""
                                      for="newPassword1"
                                    >
                                      New Password
                                    </label>
                                    <input
                                      class="form-control form-control"
                                      name="newPassword1"
                                      required=""
                                      type="password"
                                      value=""
                                    />
                                  </div>
                                  <div
                                    class="form-group form-group"
                                  >
                                    <label
                                      class=""
                                      for="newPassword2"
                                    >
                                      Retype your new Password
                                    </label>
                                    <input
                                      class="form-control form-control"
                                      name="newPassword2"
                                      required=""
                                      type="password"
                                      value=""
                                    />
                                  </div>
                                </form>,
                              }
                            }
                            noValidate={true}
                            onSubmit={[Function]}
                            tag="form"
                          >
                            <form
                              className=""
                              id="formChangePassword"
                              noValidate={true}
                              onSubmit={[Function]}
                            >
                              <Memo()
                                handleChange={[Function]}
                                key=".0"
                                label={
                                  Object {
                                    "defaultMessage": "Email",
                                    "description": "Label",
                                    "id": "email",
                                  }
                                }
                                name="email"
                                readOnly={true}
                                required={true}
                                type="email"
                                validationTrigger={0}
                                value="paulodevelo@lovestreet.com"
                              >
                                <FormGroup
                                  className="form-group"
                                  tag="div"
                                >
                                  <div
                                    className="form-group form-group"
                                  >
                                    <Label
                                      for="email"
                                      tag="label"
                                      widths={
                                        Array [
                                          "xs",
                                          "sm",
                                          "md",
                                          "lg",
                                          "xl",
                                        ]
                                      }
                                    >
                                      <label
                                        className=""
                                        htmlFor="email"
                                      >
                                        <FormattedMessage
                                          defaultMessage="Email"
                                          description="Label"
                                          id="email"
                                          values={Object {}}
                                        >
                                          Email
                                        </FormattedMessage>
                                      </label>
                                    </Label>
                                    <Input
                                      className="form-control"
                                      innerRef={
                                        Object {
                                          "current": <input
                                            class="form-control form-control"
                                            name="email"
                                            readonly=""
                                            required=""
                                            type="email"
                                            value="paulodevelo@lovestreet.com"
                                          />,
                                        }
                                      }
                                      invalid={false}
                                      name="email"
                                      onChange={[Function]}
                                      readOnly={true}
                                      required={true}
                                      type="email"
                                      value="paulodevelo@lovestreet.com"
                                    >
                                      <input
                                        className="form-control form-control"
                                        name="email"
                                        onChange={[Function]}
                                        readOnly={true}
                                        required={true}
                                        type="email"
                                        value="paulodevelo@lovestreet.com"
                                      />
                                    </Input>
                                  </div>
                                </FormGroup>
                              </Memo()>
                              <Memo()
                                handleChange={[Function]}
                                key=".1"
                                label={
                                  Object {
                                    "defaultMessage": "New Password",
                                    "description": "Label",
                                    "id": "newPassword",
                                  }
                                }
                                name="newPassword1"
                                required={true}
                                type="password"
                                validationTrigger={0}
                                value=""
                              >
                                <FormGroup
                                  className="form-group"
                                  tag="div"
                                >
                                  <div
                                    className="form-group form-group"
                                  >
                                    <Label
                                      for="newPassword1"
                                      tag="label"
                                      widths={
                                        Array [
                                          "xs",
                                          "sm",
                                          "md",
                                          "lg",
                                          "xl",
                                        ]
                                      }
                                    >
                                      <label
                                        className=""
                                        htmlFor="newPassword1"
                                      >
                                        <FormattedMessage
                                          defaultMessage="New Password"
                                          description="Label"
                                          id="newPassword"
                                          values={Object {}}
                                        >
                                          New Password
                                        </FormattedMessage>
                                      </label>
                                    </Label>
                                    <Input
                                      className="form-control"
                                      innerRef={
                                        Object {
                                          "current": <input
                                            class="form-control form-control"
                                            name="newPassword1"
                                            required=""
                                            type="password"
                                            value=""
                                          />,
                                        }
                                      }
                                      invalid={false}
                                      name="newPassword1"
                                      onChange={[Function]}
                                      required={true}
                                      type="password"
                                      value=""
                                    >
                                      <input
                                        className="form-control form-control"
                                        name="newPassword1"
                                        onChange={[Function]}
                                        required={true}
                                        type="password"
                                        value=""
                                      />
                                    </Input>
                                  </div>
                                </FormGroup>
                              </Memo()>
                              <Memo()
                                handleChange={[Function]}
                                key=".2"
                                label={
                                  Object {
                                    "defaultMessage": "Retype your new Password",
                                    "description": "Label",
                                    "id": "retypeNewPassword",
                                  }
                                }
                                name="newPassword2"
                                required={true}
                                type="password"
                                validationTrigger={0}
                                value=""
                              >
                                <FormGroup
                                  className="form-group"
                                  tag="div"
                                >
                                  <div
                                    className="form-group form-group"
                                  >
                                    <Label
                                      for="newPassword2"
                                      tag="label"
                                      widths={
                                        Array [
                                          "xs",
                                          "sm",
                                          "md",
                                          "lg",
                                          "xl",
                                        ]
                                      }
                                    >
                                      <label
                                        className=""
                                        htmlFor="newPassword2"
                                      >
                                        <FormattedMessage
                                          defaultMessage="Retype your new Password"
                                          description="Label"
                                          id="retypeNewPassword"
                                          values={Object {}}
                                        >
                                          Retype your new Password
                                        </FormattedMessage>
                                      </label>
                                    </Label>
                                    <Input
                                      className="form-control"
                                      innerRef={
                                        Object {
                                          "current": <input
                                            class="form-control form-control"
                                            name="newPassword2"
                                            required=""
                                            type="password"
                                            value=""
                                          />,
                                        }
                                      }
                                      invalid={false}
                                      name="newPassword2"
                                      onChange={[Function]}
                                      required={true}
                                      type="password"
                                      value=""
                                    >
                                      <input
                                        className="form-control form-control"
                                        name="newPassword2"
                                        onChange={[Function]}
                                        required={true}
                                        type="password"
                                        value=""
                                      />
                                    </Input>
                                  </div>
                                </FormGroup>
                              </Memo()>
                            </form>
                          </Form>
                        </Memo(MyForm)>
                      </div>
                    </ModalBody>
                    <ModalFooter
                      tag="div"
                    >
                      <div
                        className="modal-footer"
                      >
                        <ActionButton
                          color="success"
                          form="formChangePassword"
                          isActing={false}
                          message={
                            Object {
                              "defaultMessage": "Change Password",
                              "description": "Label",
                              "id": "changePassword",
                            }
                          }
                          type="submit"
                        >
                          <Button
                            color="success"
                            form="formChangePassword"
                            tag="button"
                            type="submit"
                          >
                            <button
                              aria-label={null}
                              className="btn btn-success"
                              form="formChangePassword"
                              onClick={[Function]}
                              type="submit"
                            >
                              <FormattedMessage
                                defaultMessage="Change Password"
                                description="Label"
                                id="changePassword"
                                values={Object {}}
                              >
                                Change Password
                              </FormattedMessage>
                            </button>
                          </Button>
                        </ActionButton>
                        <Button
                          color="secondary"
                          onClick={[Function]}
                          tag="button"
                        >
                          <button
                            aria-label={null}
                            className="btn btn-secondary"
                            onClick={[Function]}
                            type="button"
                          >
                            <FormattedMessage
                              defaultMessage="Cancel"
                              description="Button cancel"
                              id="cancel"
                              values={Object {}}
                            >
                              Cancel
                            </FormattedMessage>
                          </button>
                        </Button>
                      </div>
                    </ModalFooter>
                  </div>
                </div>
              </div>
            </Transition>
          </Fade>
          <Fade
            appear={true}
            baseClass="fade"
            baseClassActive="show"
            className="modal-backdrop"
            enter={true}
            exit={true}
            in={true}
            mountOnEnter={true}
            onEnter={[Function]}
            onEntered={[Function]}
            onEntering={[Function]}
            onExit={[Function]}
            onExited={[Function]}
            onExiting={[Function]}
            tag="div"
            timeout={150}
            unmountOnExit={false}
          >
            <Transition
              appear={true}
              enter={true}
              exit={true}
              in={true}
              mountOnEnter={true}
              onEnter={[Function]}
              onEntered={[Function]}
              onEntering={[Function]}
              onExit={[Function]}
              onExited={[Function]}
              onExiting={[Function]}
              timeout={150}
              unmountOnExit={false}
            >
              <div
                className="modal-backdrop fade"
              />
            </Transition>
          </Fade>
        </div>
      </Portal>
    </Portal>
  </Modal>
</ModalPasswordReset>
`;
